<?xml version="1.0" encoding="UTF-8"?><mappingRoot xmlns="http://www.ibm.com/2008/ccl/Mapping" domainID="com.ibm.msl.mapping.xml" domainIDExtension="mb" mainMap="true" targetNamespace="default" version="8.0.5.0" xmlns:map="default">
    <inlinedXMLSchema targetNamespace="http://www.ibm.com/iib/msl/json"><![CDATA[<?xml version="1.0" encoding="UTF-8"?><xsd:schema xmlns:xsd="http://www.w3.org/2001/XMLSchema" targetNamespace="http://www.ibm.com/iib/msl/json">  
    <xsd:complexType block="#all" name="JSONArray_1">  
    <xsd:sequence>  
      <xsd:element maxOccurs="unbounded" minOccurs="0" name="Item" nillable="true"> 
        <xsd:complexType> 
          <xsd:sequence> 
            <xsd:element name="Name" nillable="true" type="xsd:string"/> 
            <xsd:element name="Greeting" nillable="true" type="xsd:string"/> 
          </xsd:sequence> 
        </xsd:complexType> 
      </xsd:element>  
    </xsd:sequence>  
  </xsd:complexType>  
</xsd:schema>]]></inlinedXMLSchema>
    <input path="/ExampleXMLSchema.xsd" var="var2"/>
    <input inlinedXMLSchema="true" path="../schema_0.xsd" targetNamespace="http://www.ibm.com/iib/msl/json" var="var1"/>
    <output path="jar:file://!com/ibm/etools/mft/map/xsds/predefined/JsonDomainMsg.xsd" var="var"/>
    <namespaces>
        <namespace kind="supplement" prefix="in" uri="http://www.ibm.com/ExampleTargetNamespace"/>
        <namespace kind="supplement" prefix="io" uri="http://www.ibm.com/iib/msl/json"/>
    </namespaces>
    <generation engine="xquery"/>
    <mappingDeclaration name="Example_JSONArray_Mapping_Mapping">
        <input namespace="http://www.ibm.com/ExampleTargetNamespace" path="$var2/mb:msg(Message,assembly,XMLNSC,Properties)" var="ComIbmMessageAssembly_Message"/>
        <output namespace="http://www.ibm.com/iib/msl/json" path="$var/mb:msg(JSON,assembly,JSON,Properties)" var="ComIbmMessageAssembly_JSON">
            <cast castType="userDefined" path="$ComIbmMessageAssembly_JSON/JSON/Data/type('anyType')" qualifier="{http://www.ibm.com/iib/msl/json}JSONArray_1" ref="var1"/>
        </output>
        <move>
            <input path="$ComIbmMessageAssembly_Message/Properties"/>
            <output path="$ComIbmMessageAssembly_JSON/Properties"/>
        </move>
        <foreach>
            <input path="$ComIbmMessageAssembly_Message/Message/Country"/>
            <output path="$ComIbmMessageAssembly_JSON/JSON/spath('Data',2)/Item"/>
            <move>
                <input path="Name"/>
                <output path="Name"/>
            </move>
            <move>
                <input path="Greeting"/>
                <output path="Greeting"/>
            </move>
        </foreach>
    </mappingDeclaration>
</mappingRoot>